hirescps_prep function: config_file is config.ini
Using allocation information from Keck Observatory Instrument Plan (KOIP) file: /Users/petigura/code/AstroQ-testing/allocation_hires_cps_2026A_test.csv
Adding filler program to awarded_programs: 2026A_N012
downloading requests from https://docs.google.com/spreadsheets/d/1PoR8dAvY7gGbaOMpImQVnuN6eB4AEU_254F3ZRDt38Q/edit?gid=0#gid=0
read 23 records from HIRES_2026A_Queue_Requests_Bowler_U247

downloading requests from https://docs.google.com/spreadsheets/d/1yQYh9OhFmLMPXbHE42cQ106nuJVps15z9axrGKScKMo/edit?gid=0#gid=0
read 126 records from HIRES_2026A_Queue_Requests_Howard_C333

downloading requests from https://docs.google.com/spreadsheets/d/1Gdsov3x4Lmh5OSEqbv3GsaVwi4IcmLidsTDFez4CAWo/edit?gid=1737261459#gid=17372614
read 106 records from HIRES_2026A_Queue_Requests_Petigura_U065

2026-05-12 12:23:48 - astroq.queue.hirescps - WARNING - Duplicate rows exist!

- Requests selected based on hash scheme.
- * indicates selected target
- Coordinate with PIs to resolve duplicates

  2026A_C333 145675 *
  2026A_U247 145675

  2026A_C333 120066 *
  2026A_U247 120066

  2026A_C333 114783 *
  2026A_U247 114783

  2026A_C333 82943 *
  2026A_U247 82943

  2026A_C333 117207 *
  2026A_U247 117207

  2026A_C333 87883 *
  2026A_U247 87883

  2026A_C333 154345 *
  2026A_U247 154345

  2026A_U247 50554 *
  2026A_C333 50554

  2026A_C333 74156 *
  2026A_U247 74156
Using past history information from file: /Users/petigura/code/AstroQ-testing/past_empty.csv
Past history file '/Users/petigura/code/AstroQ-testing/past_empty.csv' is missing required columns: {'semid'}
plan_semester function: config_file is config.ini
plan_semester function: b3 is False
2026-05-12 12:23:50 - astroq.splan - WARNING - There are 38 inactive of 246 requests.
2026-05-12 12:23:51 - astroq.queue.kpfcc - INFO - Pretending weather is always clear!
2026-05-12 12:23:52 - astroq.splan - WARNING - There are 83 targets out of 208 that have no valid day/slot pairs and therefore are effectively removed from the model.
Set parameter Username
Academic license - for non-commercial use only - expires 2026-10-21
2026-05-12 12:23:52 - astroq.splan - INFO - Constraint: Reserve slots for for multi-slot exposures.
2026-05-12 12:23:52 - astroq.splan - INFO - Constraint: Enforce inter-night cadence.
2026-05-12 12:23:52 - astroq.splan - INFO - Constraint: Set desired maximum observations.
2026-05-12 12:23:52 - astroq.splan - INFO - Constraint: Enforce intra-night cadence.
2026-05-12 12:23:52 - astroq.splan - INFO - Constraint: Bound minimum and maximum visits per night.
2026-05-12 12:23:52 - astroq.splan - INFO - Constraint: Build theta variable
2026-05-12 12:23:52 - astroq.splan - INFO - Constraint: Throttling over-requested programs.
2026-05-12 12:23:52 - astroq.splan - INFO - Time to build constraints: 0.129
Set parameter TimeLimit to value 120
Set parameter MIPGap to value 0.05
Set parameter Presolve to value 2
Gurobi Optimizer version 11.0.0 build v11.0.0rc2 (mac64[arm] - Darwin 24.6.0 24G517)

CPU model: Apple M3 Max
Thread count: 14 physical cores, 14 logical processors, using up to 14 threads

Optimize a model with 640 rows, 9864 columns and 65395 nonzeros
Model fingerprint: 0xb12ca49b
Variable types: 208 continuous, 9656 integer (9656 binary)
Coefficient statistics:
  Matrix range     [1e+00, 2e+01]
  Objective range  [1e+00, 2e+01]
  Bounds range     [1e+00, 1e+00]
  RHS range        [1e+00, 9e+01]
Found heuristic solution: objective 932.0000000
Presolve removed 377 rows and 94 columns
Presolve time: 0.33s
Presolved: 263 rows, 9770 columns, 38781 nonzeros
Variable types: 0 continuous, 9770 integer (9770 binary)
Found heuristic solution: objective 779.0000000
Root relaxation presolved: 263 rows, 9770 columns, 38781 nonzeros


Root relaxation: interrupted, 2426 iterations, 0.11 seconds (0.31 work units)

    Nodes    |    Current Node    |     Objective Bounds      |     Work
 Expl Unexpl |  Obj  Depth IntInf | Incumbent    BestBd   Gap | It/Node Time

     0     0          -    0       779.00000  764.73333  1.83%     -    0s

Explored 1 nodes (2426 simplex iterations) in 0.45 seconds (1.06 work units)
Thread count was 14 (of 14 available processors)

Solution count 2: 779 932 

Optimal solution found (tolerance 5.00e-02)
Best objective 7.790000000000e+02, best bound 7.650000000000e+02, gap 1.7972%
2026-05-12 12:23:53 - astroq.splan - INFO - Time to finish solver: 0.449
/Users/petigura/code/AstroQ-testing/2026A/2026-05-15/band1/outputs
/Users/petigura/code/AstroQ-testing/2026A/2026-05-15/band1/outputs/runReport.txt
2026-05-12 12:23:56 - astroq.splan - INFO - SemesterPlanner saved to HDF5: /Users/petigura/code/AstroQ-testing/2026A/2026-05-15/band1/outputs/semester_planner.h5
2026-05-12 12:23:56 - astroq.splan - INFO - Scheduling complete, clear skies!
plan_night function: config_file is config.ini
plan_night function: engine is ilp
2026-05-12 12:23:59 - astroq.splan - INFO - SemesterPlanner loaded from HDF5: /Users/petigura/code/AstroQ-testing/2026A/2026-05-15/band1/outputs/semester_planner.h5
2026-05-12 12:23:59 - astroq.access - INFO - Pretending weather is always clear!
2026-05-12 12:23:59 - astroq.nplan_ilp - INFO - [ilp] access: N=58 n_slots=2880 alloc_slots=[684, 1238) valid_(r,s)=13680 (0.13s)
2026-05-12 12:23:59 - astroq.nplan_ilp - INFO - [ilp] altaz computed (0.25s)
Set parameter Username
Academic license - for non-commercial use only - expires 2026-10-21
Set parameter TimeLimit to value 1800
Set parameter MIPGap to value 0.005
Set parameter Method to value 2
Set parameter Presolve to value 2
Set parameter Symmetry to value 2
Set parameter Aggregate to value 2
Set parameter MIPFocus to value 1
Set parameter Heuristics to value 0.5
2026-05-12 12:24:12 - astroq.nplan_ilp - INFO - [ilp] model: vars=0 constrs=0 nzs=0 (12.74s build)
Gurobi Optimizer version 11.0.0 build v11.0.0rc2 (mac64[arm] - Darwin 24.6.0 24G517)

CPU model: Apple M3 Max
Thread count: 14 physical cores, 14 logical processors, using up to 14 threads

Optimize a model with 14242 rows, 13680 columns and 1209501 nonzeros
Model fingerprint: 0x5df89073
Variable types: 0 continuous, 13680 integer (13680 binary)
Coefficient statistics:
  Matrix range     [1e+00, 1e+00]
  Objective range  [1e+00, 1e+00]
  Bounds range     [1e+00, 1e+00]
  RHS range        [1e+00, 1e+00]
Found heuristic solution: objective 44.0000000
Presolve removed 107 rows and 0 columns (presolve time = 5s) ...
Presolve removed 241 rows and 0 columns (presolve time = 10s) ...
Presolve removed 316 rows and 0 columns (presolve time = 15s) ...
Presolve removed 319 rows and 62 columns (presolve time = 20s) ...
Presolve removed 352 rows and 62 columns (presolve time = 25s) ...
Presolve removed 353 rows and 62 columns (presolve time = 30s) ...
Presolve removed 353 rows and 62 columns (presolve time = 35s) ...
Presolve removed 353 rows and 62 columns (presolve time = 40s) ...
Presolve removed 353 rows and 62 columns (presolve time = 45s) ...
Presolve removed 353 rows and 62 columns (presolve time = 50s) ...
Presolve removed 353 rows and 62 columns (presolve time = 55s) ...
Presolve removed 353 rows and 62 columns (presolve time = 60s) ...
Presolve removed 353 rows and 62 columns (presolve time = 65s) ...
Presolve removed 353 rows and 62 columns (presolve time = 70s) ...
Presolve removed 357 rows and 62 columns (presolve time = 75s) ...
Presolve removed 359 rows and 62 columns (presolve time = 80s) ...
Presolve removed 363 rows and 147 columns (presolve time = 85s) ...
Presolve removed 377 rows and 147 columns (presolve time = 90s) ...
Presolve removed 378 rows and 147 columns (presolve time = 95s) ...
Presolve removed 378 rows and 147 columns (presolve time = 100s) ...
Presolve removed 378 rows and 147 columns (presolve time = 105s) ...
Presolve removed 378 rows and 147 columns (presolve time = 110s) ...
Presolve removed 378 rows and 147 columns (presolve time = 115s) ...
Presolve removed 378 rows and 147 columns (presolve time = 120s) ...
Presolve removed 378 rows and 147 columns (presolve time = 125s) ...
Presolve removed 378 rows and 147 columns (presolve time = 130s) ...
Presolve removed 378 rows and 147 columns (presolve time = 135s) ...
Presolve removed 378 rows and 147 columns (presolve time = 140s) ...
Presolve removed 378 rows and 147 columns (presolve time = 145s) ...
Presolve removed 378 rows and 147 columns (presolve time = 150s) ...
Presolve removed 378 rows and 147 columns (presolve time = 155s) ...
Presolve removed 378 rows and 147 columns (presolve time = 160s) ...
Presolve removed 378 rows and 147 columns (presolve time = 165s) ...
Presolve removed 378 rows and 147 columns (presolve time = 170s) ...
Presolve removed 380 rows and 147 columns (presolve time = 175s) ...
Presolve removed 382 rows and 147 columns (presolve time = 180s) ...
Presolve removed 384 rows and 147 columns (presolve time = 185s) ...
Presolve removed 394 rows and 177 columns (presolve time = 190s) ...
Presolve removed 412 rows and 177 columns (presolve time = 195s) ...
Presolve removed 412 rows and 177 columns (presolve time = 200s) ...
Presolve removed 412 rows and 177 columns (presolve time = 205s) ...
Presolve removed 412 rows and 177 columns (presolve time = 210s) ...
Presolve removed 412 rows and 177 columns (presolve time = 215s) ...
Presolve removed 412 rows and 177 columns (presolve time = 220s) ...
Presolve removed 412 rows and 177 columns (presolve time = 225s) ...
Presolve removed 412 rows and 177 columns (presolve time = 230s) ...
Presolve removed 412 rows and 177 columns (presolve time = 235s) ...
Presolve removed 412 rows and 177 columns (presolve time = 240s) ...
Presolve removed 412 rows and 177 columns (presolve time = 245s) ...
Presolve removed 412 rows and 177 columns (presolve time = 250s) ...
Presolve removed 412 rows and 177 columns (presolve time = 255s) ...
Presolve removed 412 rows and 177 columns (presolve time = 260s) ...
Presolve removed 412 rows and 177 columns (presolve time = 265s) ...
Presolve removed 412 rows and 177 columns (presolve time = 270s) ...
Presolve removed 412 rows and 177 columns (presolve time = 275s) ...
Presolve removed 412 rows and 177 columns (presolve time = 280s) ...
Presolve removed 413 rows and 177 columns (presolve time = 285s) ...
Presolve removed 413 rows and 177 columns (presolve time = 290s) ...
Presolve removed 413 rows and 177 columns (presolve time = 295s) ...
Presolve removed 415 rows and 177 columns (presolve time = 300s) ...
Presolve removed 418 rows and 177 columns (presolve time = 305s) ...
Presolve removed 422 rows and 190 columns (presolve time = 310s) ...
Presolve removed 422 rows and 190 columns (presolve time = 315s) ...
Presolve removed 422 rows and 190 columns (presolve time = 320s) ...
Presolve removed 422 rows and 190 columns (presolve time = 325s) ...
Presolve removed 422 rows and 190 columns (presolve time = 330s) ...
Presolve removed 422 rows and 190 columns (presolve time = 335s) ...
Presolve removed 422 rows and 190 columns (presolve time = 340s) ...
Presolve removed 422 rows and 190 columns (presolve time = 345s) ...
Presolve removed 422 rows and 190 columns (presolve time = 350s) ...
Presolve removed 422 rows and 190 columns (presolve time = 355s) ...
Presolve removed 422 rows and 190 columns (presolve time = 360s) ...
Presolve removed 422 rows and 190 columns (presolve time = 365s) ...
Presolve removed 422 rows and 190 columns (presolve time = 370s) ...
Presolve removed 422 rows and 190 columns (presolve time = 375s) ...
Presolve removed 422 rows and 190 columns (presolve time = 380s) ...
Presolve removed 422 rows and 190 columns (presolve time = 385s) ...
Presolve removed 422 rows and 190 columns (presolve time = 390s) ...
Presolve removed 422 rows and 190 columns (presolve time = 395s) ...
Presolve removed 422 rows and 190 columns (presolve time = 400s) ...
Presolve removed 422 rows and 190 columns (presolve time = 405s) ...
Presolve removed 422 rows and 190 columns (presolve time = 410s) ...
Presolve removed 423 rows and 190 columns (presolve time = 415s) ...
Presolve removed 424 rows and 190 columns (presolve time = 420s) ...
Presolve removed 425 rows and 190 columns (presolve time = 425s) ...
Presolve removed 426 rows and 190 columns (presolve time = 430s) ...
Presolve removed 426 rows and 190 columns (presolve time = 435s) ...
Presolve removed 426 rows and 190 columns (presolve time = 440s) ...
Sparsify removed 2508659 nonzeros (80%)
Presolve added 0 rows and 5328 columns
Presolve removed 426 rows and 0 columns
Presolve time: 441.84s
Presolved: 13816 rows, 19008 columns, 635096 nonzeros
Variable types: 389 continuous, 18619 integer (13746 binary)
Root relaxation presolve removed 0 rows and 20 columns
Root relaxation presolved: 13816 rows, 18988 columns, 635076 nonzeros

Root barrier log...

Ordering time: 1.08s

Barrier statistics:
 AA' NZ     : 4.073e+06
 Factor NZ  : 1.645e+07 (roughly 150 MB of memory)
 Factor Ops : 2.460e+10 (less than 1 second per iteration)
 Threads    : 14

                  Objective                Residual
Iter       Primal          Dual         Primal    Dual     Compl     Time
   0   4.38752328e+05  1.17157282e+05  1.77e+04 1.00e+00  3.51e+01   444s
   1   2.03521386e+05  1.12671104e+05  8.25e+03 9.27e-01  1.69e+01   444s
   2   6.88430639e+04  7.73777440e+04  2.80e+03 2.25e-01  5.88e+00   444s
   3   4.05754398e+04  3.83300678e+04  1.66e+03 4.27e-02  2.82e+00   444s
   4   1.25634230e+04  1.50472919e+04  5.32e+02 6.59e-03  9.08e-01   444s
   5   5.25327235e+03  7.56715826e+03  2.34e+02 2.58e-03  4.36e-01   444s
   6   2.42371278e+03  3.81150447e+03  1.15e+02 1.05e-03  2.24e-01   444s
   7   1.44336172e+03  2.27805691e+03  7.06e+01 5.34e-04  1.44e-01   445s
   8   8.21858226e+02  1.59566440e+03  4.08e+01 2.51e-04  9.33e-02   445s
   9   3.99287402e+02  1.24937554e+03  1.90e+01 4.68e-15  5.45e-02   445s
  10   2.06031285e+02  5.58827324e+02  8.87e+00 3.99e-15  2.39e-02   445s
  11   1.12590660e+02  3.57373603e+02  3.87e+00 3.00e-15  1.16e-02   445s
  12   7.58718192e+01  2.03164337e+02  1.87e+00 2.28e-15  5.10e-03   445s
  13   6.41220762e+01  1.54698519e+02  1.21e+00 2.86e-15  3.27e-03   445s
  14   4.70230038e+01  1.12752591e+02  2.05e-01 2.51e-15  1.61e-03   445s
  15   4.86108190e+01  8.33271803e+01  1.23e-01 9.38e-16  8.44e-04   445s
  16   4.98085678e+01  7.41458264e+01  9.19e-02 5.54e-16  5.91e-04   445s
  17   5.15025515e+01  6.72271371e+01  6.55e-02 6.62e-16  3.84e-04   446s
  18   5.30460417e+01  6.28226021e+01  4.25e-02 5.27e-16  2.38e-04   446s
  19   5.36614022e+01  6.07411656e+01  2.80e-02 5.45e-16  1.70e-04   446s
  20   5.43716777e+01  6.01804177e+01  1.86e-02 4.76e-16  1.37e-04   446s
  21   5.46291124e+01  5.84855418e+01  1.47e-02 5.39e-16  9.24e-05   446s
  22   5.47965886e+01  5.83206173e+01  1.19e-02 5.25e-16  8.35e-05   446s
  23   5.48637122e+01  5.78473639e+01  1.04e-02 4.20e-16  7.08e-05   446s
  24   5.49303132e+01  5.71481001e+01  9.01e-03 5.07e-16  5.33e-05   446s
  25   5.50211366e+01  5.69348276e+01  7.08e-03 6.80e-16  4.56e-05   447s
  26   5.51343453e+01  5.66508129e+01  5.61e-03 5.05e-16  3.61e-05   447s
  27   5.52689090e+01  5.63649480e+01  3.52e-03 3.32e-16  2.58e-05   447s
  28   5.53483848e+01  5.60379049e+01  2.25e-03 4.14e-16  1.62e-05   447s
  29   5.54212818e+01  5.59029974e+01  1.07e-03 2.73e-16  1.11e-05   447s
  30   5.54721372e+01  5.57485872e+01  4.75e-04 2.09e-16  6.26e-06   447s
  31   5.55015653e+01  5.56408080e+01  2.24e-04 2.72e-16  3.15e-06   447s
  32   5.55202597e+01  5.55894515e+01  1.20e-04 4.62e-16  1.57e-06   447s
  33   5.55285752e+01  5.55700779e+01  7.41e-05 2.52e-16  9.42e-07   447s
  34   5.55359743e+01  5.55542780e+01  3.34e-05 2.55e-16  4.16e-07   448s
  35   5.55403008e+01  5.55465403e+01  1.06e-05 3.98e-16  1.41e-07   448s
  36   5.55421894e+01  5.55438403e+01  2.00e-06 3.63e-16  3.69e-08   448s
  37   5.55425683e+01  5.55430214e+01  5.35e-07 2.00e-16  1.01e-08   448s
  38   5.55426867e+01  5.55428330e+01  1.15e-07 4.06e-16  3.24e-09   448s
  39   5.55427069e+01  5.55427528e+01  4.68e-08 4.46e-16  1.02e-09   448s
  40   5.55427170e+01  5.55427352e+01  1.72e-08 1.83e-16  4.05e-10   448s
  41   5.55427211e+01  5.55427253e+01  5.79e-09 3.42e-16  9.50e-11   448s
  42   5.55427229e+01  5.55427236e+01  1.21e-09 2.43e-16  1.59e-11   448s
  43   5.55427233e+01  5.55427234e+01  1.17e-09 8.88e-16  5.61e-13   449s

Barrier solved model in 43 iterations and 448.51 seconds (1406.35 work units)
Optimal objective 5.55427233e+01


Root crossover log...

     614 DPushes remaining with DInf 0.0000000e+00               449s
       0 DPushes remaining with DInf 0.0000000e+00               449s

      24 PPushes remaining with PInf 0.0000000e+00               449s
       0 PPushes remaining with PInf 0.0000000e+00               449s

  Push phase complete: Pinf 0.0000000e+00, Dinf 2.0148251e-04    449s


Root simplex log...

Iteration    Objective       Primal Inf.    Dual Inf.      Time
     371    5.5542723e+01   0.000000e+00   2.014825e-04    449s
     374    5.5542723e+01   0.000000e+00   0.000000e+00    449s
     374    5.5542723e+01   0.000000e+00   0.000000e+00    449s

Root relaxation: objective 5.554272e+01, 374 iterations, 6.88 seconds (15.40 work units)

    Nodes    |    Current Node    |     Objective Bounds      |     Work
 Expl Unexpl |  Obj  Depth IntInf | Incumbent    BestBd   Gap | It/Node Time

     0     0   55.54272    0 6189   44.00000   55.54272  26.2%     -  452s
H    0     0                      46.0000000   55.54272  20.7%     -  453s
     0     0   55.50675    0 6720   46.00000   55.50675  20.7%     -  542s
     0     0   55.50376    0 6707   46.00000   55.50376  20.7%     -  584s
     0     0   55.50350    0 6748   46.00000   55.50350  20.7%     -  636s
     0     0   55.50348    0 6764   46.00000   55.50348  20.7%     -  638s
H    0     0                      47.0000000   55.50348  18.1%     -  727s
     0     0   55.48392    0 7132   47.00000   55.48392  18.1%     -  773s
     0     0   55.48092    0 7126   47.00000   55.48092  18.0%     -  793s
     0     0   55.47350    0 7312   47.00000   55.47350  18.0%     -  920s
H    0     0                      48.0000000   55.47350  15.6%     -  921s
     0     0   55.47258    0 7313   48.00000   55.47258  15.6%     -  930s
     0     0   55.47067    0 7377   48.00000   55.47067  15.6%     - 1017s
H    0     0                      49.0000000   55.47067  13.2%     - 1065s
H    0     0                      51.0000000   55.47066  8.77%     - 1105s
H    0     0                      52.0000000   55.47066  6.67%     - 1106s
     0     2   55.47066    0 7376   52.00000   55.47066  6.67%     - 1107s
     1     4   55.46817    1 7156   52.00000   55.47066  6.67%  6815 1121s
     3     8   55.46440    2 7195   52.00000   55.46817  6.67%  9683 1174s
     7    16   55.41190    3 7320   52.00000   55.46440  6.66% 17266 1216s
    15    30   55.40536    4 7278   52.00000   55.45325  6.64% 16909 1285s
    29    44   55.38589    5 7213   52.00000   55.44687  6.63% 15941 1322s
H   34    44                      53.0000000   55.44687  4.62% 14572 1322s
    43    58   55.28766    6 7023   53.00000   55.44687  4.62% 14945 1800s
H   45    58                      54.0000000   55.44687  2.68% 14643 1800s

Cutting planes:
  MIR: 17
  Zero half: 15
  RLT: 2583
  Relax-and-lift: 25

Explored 57 nodes (961613 simplex iterations) in 1800.21 seconds (4815.21 work units)
Thread count was 14 (of 14 available processors)

Solution count 9: 54 53 52 ... 44

Time limit reached
Best objective 5.400000000000e+01, best bound 5.500000000000e+01, gap 1.8519%
2026-05-12 12:54:12 - astroq.nplan_ilp - INFO - [ilp] solve: status=9 obj=54.0 gap=0.018518518518518517 nodes=57 wall=1800.21s
2026-05-12 12:54:12 - astroq.nplan_ilp - INFO - [ilp] schedule: 54 visits, total slew 56.30 min

Stats for ILP Solution
------------------------------------
    Model ran for 1800.21 seconds
     Observations Requested: 58
     Observations Scheduled: 54
------------------------------------
   Observing Duration (min): 277.00
  Time Spent Exposing (min): 184.00
      Time Spent Idle (min): 36.70
   Time Spent Slewing (min): 56.30
------------------------------------
